<?xml version="1.0"?>
<!DOCTYPE feature_vector_file [
   <!ELEMENT feature_vector_file (comments, data_set+)>
   <!ELEMENT comments (#PCDATA)>
   <!ELEMENT data_set (data_set_id, section*, feature*)>
   <!ELEMENT data_set_id (#PCDATA)>
   <!ELEMENT section (feature+)>
   <!ATTLIST section start CDATA ""
                     stop CDATA "">
   <!ELEMENT feature (name, v+)>
   <!ELEMENT name (#PCDATA)>
   <!ELEMENT v (#PCDATA)>
]>

<feature_vector_file>

   <comments></comments>

   <data_set>
      <data_set_id>005ed798038238d8666457bc61ec5dd1.mid</data_set_id>
      <section start="0.004166666666666667" stop="5.000000000000036">
         <feature>
            <name>Range</name>
            <v>12.0</v>
         </feature>
         <feature>
            <name>Vibrato Prevalence</name>
            <v>0.0</v>
         </feature>
         <feature>
            <name>Melodic Octaves</name>
            <v>0.0</v>
         </feature>
      </section>
      <section start="5.004166666666703" stop="7.270833333333241">
         <feature>
            <name>Range</name>
            <v>11.0</v>
         </feature>
         <feature>
            <name>Vibrato Prevalence</name>
            <v>0.0</v>
         </feature>
         <feature>
            <name>Melodic Octaves</name>
            <v>0.0</v>
         </feature>
      </section>
   </data_set>

   <data_set>
      <data_set_id>0a4fe1154dc96ed40d3c49017a163a11.mid</data_set_id>
      <section start="5.208333333333333E-4" stop="5.000000000000608">
         <feature>
            <name>Range</name>
            <v>20.0</v>
         </feature>
         <feature>
            <name>Vibrato Prevalence</name>
            <v>0.0</v>
         </feature>
         <feature>
            <name>Melodic Octaves</name>
            <v>0.0</v>
         </feature>
      </section>
      <section start="5.000520833333942" stop="10.000000000001176">
         <feature>
            <name>Range</name>
            <v>25.0</v>
         </feature>
         <feature>
            <name>Vibrato Prevalence</name>
            <v>0.0</v>
         </feature>
         <feature>
            <name>Melodic Octaves</name>
            <v>0.0</v>
         </feature>
      </section>
      <section start="10.000520833334509" stop="14.999999999996628">
         <feature>
            <name>Range</name>
            <v>25.0</v>
         </feature>
         <feature>
            <name>Vibrato Prevalence</name>
            <v>0.0</v>
         </feature>
         <feature>
            <name>Melodic Octaves</name>
            <v>0.0</v>
         </feature>
      </section>
      <section start="15.000520833329961" stop="19.99999999999208">
         <feature>
            <name>Range</name>
            <v>26.0</v>
         </feature>
         <feature>
            <name>Vibrato Prevalence</name>
            <v>0.0</v>
         </feature>
         <feature>
            <name>Melodic Octaves</name>
            <v>0.018867924528301886</v>
         </feature>
      </section>
      <section start="20.000520833325414" stop="24.999999999987534">
         <feature>
            <name>Range</name>
            <v>24.0</v>
         </feature>
         <feature>
            <name>Vibrato Prevalence</name>
            <v>0.0</v>
         </feature>
         <feature>
            <name>Melodic Octaves</name>
            <v>0.01818181818181818</v>
         </feature>
      </section>
      <section start="25.000520833320866" stop="29.999999999982986">
         <feature>
            <name>Range</name>
            <v>24.0</v>
         </feature>
         <feature>
            <name>Vibrato Prevalence</name>
            <v>0.0</v>
         </feature>
         <feature>
            <name>Melodic Octaves</name>
            <v>0.0</v>
         </feature>
      </section>
      <section start="30.00052083331632" stop="34.99999999997844">
         <feature>
            <name>Range</name>
            <v>36.0</v>
         </feature>
         <feature>
            <name>Vibrato Prevalence</name>
            <v>0.0</v>
         </feature>
         <feature>
            <name>Melodic Octaves</name>
            <v>0.0</v>
         </feature>
      </section>
      <section start="35.000520833311775" stop="39.999999999973895">
         <feature>
            <name>Range</name>
            <v>36.0</v>
         </feature>
         <feature>
            <name>Vibrato Prevalence</name>
            <v>0.0</v>
         </feature>
         <feature>
            <name>Melodic Octaves</name>
            <v>0.03225806451612903</v>
         </feature>
      </section>
      <section start="40.00052083330723" stop="44.99999999996935">
         <feature>
            <name>Range</name>
            <v>24.0</v>
         </feature>
         <feature>
            <name>Vibrato Prevalence</name>
            <v>0.0</v>
         </feature>
         <feature>
            <name>Melodic Octaves</name>
            <v>0.0</v>
         </feature>
      </section>
      <section start="45.00052083330268" stop="49.9999999999648">
         <feature>
            <name>Range</name>
            <v>24.0</v>
         </feature>
         <feature>
            <name>Vibrato Prevalence</name>
            <v>0.0</v>
         </feature>
         <feature>
            <name>Melodic Octaves</name>
            <v>0.07692307692307693</v>
         </feature>
      </section>
      <section start="50.00052083329813" stop="54.99999999996025">
         <feature>
            <name>Range</name>
            <v>26.0</v>
         </feature>
         <feature>
            <name>Vibrato Prevalence</name>
            <v>0.0</v>
         </feature>
         <feature>
            <name>Melodic Octaves</name>
            <v>0.0</v>
         </feature>
      </section>
      <section start="55.000520833293585" stop="59.999999999955705">
         <feature>
            <name>Range</name>
            <v>20.0</v>
         </feature>
         <feature>
            <name>Vibrato Prevalence</name>
            <v>0.0</v>
         </feature>
         <feature>
            <name>Melodic Octaves</name>
            <v>0.0</v>
         </feature>
      </section>
      <section start="60.00052083328904" stop="64.9999999999648">
         <feature>
            <name>Range</name>
            <v>19.0</v>
         </feature>
         <feature>
            <name>Vibrato Prevalence</name>
            <v>0.0</v>
         </feature>
         <feature>
            <name>Melodic Octaves</name>
            <v>0.0</v>
         </feature>
      </section>
      <section start="65.00052083329814" stop="70.00000000002846">
         <feature>
            <name>Range</name>
            <v>24.0</v>
         </feature>
         <feature>
            <name>Vibrato Prevalence</name>
            <v>0.0</v>
         </feature>
         <feature>
            <name>Melodic Octaves</name>
            <v>0.0</v>
         </feature>
      </section>
      <section start="70.0005208333618" stop="75.00000000009213">
         <feature>
            <name>Range</name>
            <v>24.0</v>
         </feature>
         <feature>
            <name>Vibrato Prevalence</name>
            <v>0.0</v>
         </feature>
         <feature>
            <name>Melodic Octaves</name>
            <v>0.0</v>
         </feature>
      </section>
      <section start="75.00052083342547" stop="80.0000000001558">
         <feature>
            <name>Range</name>
            <v>21.0</v>
         </feature>
         <feature>
            <name>Vibrato Prevalence</name>
            <v>0.0</v>
         </feature>
         <feature>
            <name>Melodic Octaves</name>
            <v>0.0</v>
         </feature>
      </section>
      <section start="80.00052083348913" stop="85.00000000021946">
         <feature>
            <name>Range</name>
            <v>31.0</v>
         </feature>
         <feature>
            <name>Vibrato Prevalence</name>
            <v>0.0</v>
         </feature>
         <feature>
            <name>Melodic Octaves</name>
            <v>0.0</v>
         </feature>
      </section>
      <section start="85.0005208335528" stop="90.00000000028312">
         <feature>
            <name>Range</name>
            <v>29.0</v>
         </feature>
         <feature>
            <name>Vibrato Prevalence</name>
            <v>0.0</v>
         </feature>
         <feature>
            <name>Melodic Octaves</name>
            <v>0.019230769230769232</v>
         </feature>
      </section>
      <section start="90.00052083361646" stop="95.00000000034679">
         <feature>
            <name>Range</name>
            <v>24.0</v>
         </feature>
         <feature>
            <name>Vibrato Prevalence</name>
            <v>0.0</v>
         </feature>
         <feature>
            <name>Melodic Octaves</name>
            <v>0.014285714285714285</v>
         </feature>
      </section>
      <section start="95.00052083368013" stop="100.00000000041045">
         <feature>
            <name>Range</name>
            <v>29.0</v>
         </feature>
         <feature>
            <name>Vibrato Prevalence</name>
            <v>0.0</v>
         </feature>
         <feature>
            <name>Melodic Octaves</name>
            <v>0.0</v>
         </feature>
      </section>
      <section start="100.00052083374379" stop="105.00014002543091">
         <feature>
            <name>Range</name>
            <v>31.0</v>
         </feature>
         <feature>
            <name>Vibrato Prevalence</name>
            <v>0.0</v>
         </feature>
         <feature>
            <name>Melodic Octaves</name>
            <v>0.0</v>
         </feature>
      </section>
      <section start="105.00082111501425" stop="106.25198267960658">
         <feature>
            <name>Range</name>
            <v>31.0</v>
         </feature>
         <feature>
            <name>Vibrato Prevalence</name>
            <v>0.0</v>
         </feature>
         <feature>
            <name>Melodic Octaves</name>
            <v>0.0</v>
         </feature>
      </section>
   </data_set>

   <data_set>
      <data_set_id>007237d19324d40117332173dcb16738.mid</data_set_id>
      <section start="0.004166666666666667" stop="5.000000000000036">
         <feature>
            <name>Range</name>
            <v>26.0</v>
         </feature>
         <feature>
            <name>Vibrato Prevalence</name>
            <v>0.0</v>
         </feature>
         <feature>
            <name>Melodic Octaves</name>
            <v>0.0</v>
         </feature>
      </section>
      <section start="5.004166666666703" stop="9.999999999999753">
         <feature>
            <name>Range</name>
            <v>28.0</v>
         </feature>
         <feature>
            <name>Vibrato Prevalence</name>
            <v>0.0</v>
         </feature>
         <feature>
            <name>Melodic Octaves</name>
            <v>0.0</v>
         </feature>
      </section>
      <section start="10.00416666666642" stop="14.999999999999469">
         <feature>
            <name>Range</name>
            <v>28.0</v>
         </feature>
         <feature>
            <name>Vibrato Prevalence</name>
            <v>0.0</v>
         </feature>
         <feature>
            <name>Melodic Octaves</name>
            <v>0.0</v>
         </feature>
      </section>
      <section start="15.004166666666135" stop="19.999999999999186">
         <feature>
            <name>Range</name>
            <v>28.0</v>
         </feature>
         <feature>
            <name>Vibrato Prevalence</name>
            <v>0.0</v>
         </feature>
         <feature>
            <name>Melodic Octaves</name>
            <v>0.0</v>
         </feature>
      </section>
      <section start="20.004166666665853" stop="24.999999999998902">
         <feature>
            <name>Range</name>
            <v>28.0</v>
         </feature>
         <feature>
            <name>Vibrato Prevalence</name>
            <v>0.0</v>
         </feature>
         <feature>
            <name>Melodic Octaves</name>
            <v>0.0</v>
         </feature>
      </section>
      <section start="25.00416666666557" stop="25.604166666665535">
         <feature>
            <name>Range</name>
            <v>27.0</v>
         </feature>
         <feature>
            <name>Vibrato Prevalence</name>
            <v>0.0</v>
         </feature>
         <feature>
            <name>Melodic Octaves</name>
            <v>0.0</v>
         </feature>
      </section>
   </data_set>

   <data_set>
      <data_set_id>7d2e363a699917c37b274d173e183d30.mid</data_set_id>
      <section start="7.44046875E-4" stop="5.0007390468747595">
         <feature>
            <name>Range</name>
            <v>36.0</v>
         </feature>
         <feature>
            <name>Vibrato Prevalence</name>
            <v>0.0</v>
         </feature>
         <feature>
            <name>Melodic Octaves</name>
            <v>0.0</v>
         </feature>
      </section>
      <section start="5.001483093749759" stop="10.001478093751876">
         <feature>
            <name>Range</name>
            <v>40.0</v>
         </feature>
         <feature>
            <name>Vibrato Prevalence</name>
            <v>0.0</v>
         </feature>
         <feature>
            <name>Melodic Octaves</name>
            <v>0.0</v>
         </feature>
      </section>
      <section start="10.002222140626877" stop="15.002217140632574">
         <feature>
            <name>Range</name>
            <v>31.0</v>
         </feature>
         <feature>
            <name>Vibrato Prevalence</name>
            <v>0.0</v>
         </feature>
         <feature>
            <name>Melodic Octaves</name>
            <v>0.0</v>
         </feature>
      </section>
      <section start="15.002961187507575" stop="20.002956187503717">
         <feature>
            <name>Range</name>
            <v>33.0</v>
         </feature>
         <feature>
            <name>Vibrato Prevalence</name>
            <v>0.0</v>
         </feature>
         <feature>
            <name>Melodic Octaves</name>
            <v>0.0</v>
         </feature>
      </section>
      <section start="20.003700234378716" stop="25.003695234372476">
         <feature>
            <name>Range</name>
            <v>33.0</v>
         </feature>
         <feature>
            <name>Vibrato Prevalence</name>
            <v>0.0</v>
         </feature>
         <feature>
            <name>Melodic Octaves</name>
            <v>0.041666666666666664</v>
         </feature>
      </section>
      <section start="25.004439281247475" stop="30.004434281241235">
         <feature>
            <name>Range</name>
            <v>38.0</v>
         </feature>
         <feature>
            <name>Vibrato Prevalence</name>
            <v>0.0</v>
         </feature>
         <feature>
            <name>Melodic Octaves</name>
            <v>0.0</v>
         </feature>
      </section>
      <section start="30.005178328116234" stop="35.00517332811">
         <feature>
            <name>Range</name>
            <v>33.0</v>
         </feature>
         <feature>
            <name>Vibrato Prevalence</name>
            <v>0.0</v>
         </feature>
         <feature>
            <name>Melodic Octaves</name>
            <v>0.08695652173913043</v>
         </feature>
      </section>
      <section start="35.005917374984996" stop="40.005912374978756">
         <feature>
            <name>Range</name>
            <v>33.0</v>
         </feature>
         <feature>
            <name>Vibrato Prevalence</name>
            <v>0.0</v>
         </feature>
         <feature>
            <name>Melodic Octaves</name>
            <v>0.0</v>
         </feature>
      </section>
      <section start="40.006656421853755" stop="45.006651421847515">
         <feature>
            <name>Range</name>
            <v>31.0</v>
         </feature>
         <feature>
            <name>Vibrato Prevalence</name>
            <v>0.0</v>
         </feature>
         <feature>
            <name>Melodic Octaves</name>
            <v>0.04</v>
         </feature>
      </section>
      <section start="45.007395468722514" stop="50.007390468716274">
         <feature>
            <name>Range</name>
            <v>33.0</v>
         </feature>
         <feature>
            <name>Vibrato Prevalence</name>
            <v>0.0</v>
         </feature>
         <feature>
            <name>Melodic Octaves</name>
            <v>0.041666666666666664</v>
         </feature>
      </section>
      <section start="50.00813451559127" stop="55.00812951558503">
         <feature>
            <name>Range</name>
            <v>33.0</v>
         </feature>
         <feature>
            <name>Vibrato Prevalence</name>
            <v>0.0</v>
         </feature>
         <feature>
            <name>Melodic Octaves</name>
            <v>0.043478260869565216</v>
         </feature>
      </section>
      <section start="55.00887356246003" stop="60.00886856245379">
         <feature>
            <name>Range</name>
            <v>34.0</v>
         </feature>
         <feature>
            <name>Vibrato Prevalence</name>
            <v>0.0</v>
         </feature>
         <feature>
            <name>Melodic Octaves</name>
            <v>0.0</v>
         </feature>
      </section>
      <section start="60.00961260932879" stop="65.00960760932256">
         <feature>
            <name>Range</name>
            <v>36.0</v>
         </feature>
         <feature>
            <name>Vibrato Prevalence</name>
            <v>0.0</v>
         </feature>
         <feature>
            <name>Melodic Octaves</name>
            <v>0.0</v>
         </feature>
      </section>
      <section start="65.01035165619756" stop="70.01034665619132">
         <feature>
            <name>Range</name>
            <v>33.0</v>
         </feature>
         <feature>
            <name>Vibrato Prevalence</name>
            <v>0.0</v>
         </feature>
         <feature>
            <name>Melodic Octaves</name>
            <v>0.07692307692307693</v>
         </feature>
      </section>
      <section start="70.01109070306632" stop="75.01108570306008">
         <feature>
            <name>Range</name>
            <v>38.0</v>
         </feature>
         <feature>
            <name>Vibrato Prevalence</name>
            <v>0.0</v>
         </feature>
         <feature>
            <name>Melodic Octaves</name>
            <v>0.0</v>
         </feature>
      </section>
      <section start="75.01182974993507" stop="80.01182474992883">
         <feature>
            <name>Range</name>
            <v>36.0</v>
         </feature>
         <feature>
            <name>Vibrato Prevalence</name>
            <v>0.0</v>
         </feature>
         <feature>
            <name>Melodic Octaves</name>
            <v>0.0</v>
         </feature>
      </section>
      <section start="80.01256879680383" stop="85.0125637967976">
         <feature>
            <name>Range</name>
            <v>33.0</v>
         </feature>
         <feature>
            <name>Vibrato Prevalence</name>
            <v>0.0</v>
         </feature>
         <feature>
            <name>Melodic Octaves</name>
            <v>0.0</v>
         </feature>
      </section>
      <section start="85.01330784367259" stop="90.01330284366635">
         <feature>
            <name>Range</name>
            <v>33.0</v>
         </feature>
         <feature>
            <name>Vibrato Prevalence</name>
            <v>0.0</v>
         </feature>
         <feature>
            <name>Melodic Octaves</name>
            <v>0.05</v>
         </feature>
      </section>
      <section start="90.01404689054135" stop="95.01404189053511">
         <feature>
            <name>Range</name>
            <v>33.0</v>
         </feature>
         <feature>
            <name>Vibrato Prevalence</name>
            <v>0.0</v>
         </feature>
         <feature>
            <name>Melodic Octaves</name>
            <v>0.0</v>
         </feature>
      </section>
      <section start="95.01478593741011" stop="100.01478093740387">
         <feature>
            <name>Range</name>
            <v>40.0</v>
         </feature>
         <feature>
            <name>Vibrato Prevalence</name>
            <v>0.0</v>
         </feature>
         <feature>
            <name>Melodic Octaves</name>
            <v>0.043478260869565216</v>
         </feature>
      </section>
      <section start="100.01552498427887" stop="105.01551998427263">
         <feature>
            <name>Range</name>
            <v>31.0</v>
         </feature>
         <feature>
            <name>Vibrato Prevalence</name>
            <v>0.0</v>
         </feature>
         <feature>
            <name>Melodic Octaves</name>
            <v>0.0</v>
         </feature>
      </section>
      <section start="105.01626403114763" stop="110.01625903114139">
         <feature>
            <name>Range</name>
            <v>33.0</v>
         </feature>
         <feature>
            <name>Vibrato Prevalence</name>
            <v>0.0</v>
         </feature>
         <feature>
            <name>Melodic Octaves</name>
            <v>0.04</v>
         </feature>
      </section>
      <section start="110.01700307801639" stop="115.01699807801015">
         <feature>
            <name>Range</name>
            <v>26.0</v>
         </feature>
         <feature>
            <name>Vibrato Prevalence</name>
            <v>0.0</v>
         </feature>
         <feature>
            <name>Melodic Octaves</name>
            <v>0.047619047619047616</v>
         </feature>
      </section>
      <section start="115.01774212488515" stop="120.0177371248789">
         <feature>
            <name>Range</name>
            <v>33.0</v>
         </feature>
         <feature>
            <name>Vibrato Prevalence</name>
            <v>0.0</v>
         </feature>
         <feature>
            <name>Melodic Octaves</name>
            <v>0.038461538461538464</v>
         </feature>
      </section>
      <section start="120.0184811717539" stop="125.01847617174766">
         <feature>
            <name>Range</name>
            <v>36.0</v>
         </feature>
         <feature>
            <name>Vibrato Prevalence</name>
            <v>0.0</v>
         </feature>
         <feature>
            <name>Melodic Octaves</name>
            <v>0.0</v>
         </feature>
      </section>
      <section start="125.01922021862266" stop="130.01921521865498">
         <feature>
            <name>Range</name>
            <v>41.0</v>
         </feature>
         <feature>
            <name>Vibrato Prevalence</name>
            <v>0.0</v>
         </feature>
         <feature>
            <name>Melodic Octaves</name>
            <v>0.0</v>
         </feature>
      </section>
      <section start="130.01995926553" stop="135.01995426561925">
         <feature>
            <name>Range</name>
            <v>33.0</v>
         </feature>
         <feature>
            <name>Vibrato Prevalence</name>
            <v>0.0</v>
         </feature>
         <feature>
            <name>Melodic Octaves</name>
            <v>0.04</v>
         </feature>
      </section>
      <section start="135.02069831249426" stop="140.02069331258352">
         <feature>
            <name>Range</name>
            <v>33.0</v>
         </feature>
         <feature>
            <name>Vibrato Prevalence</name>
            <v>0.0</v>
         </feature>
         <feature>
            <name>Melodic Octaves</name>
            <v>0.037037037037037035</v>
         </feature>
      </section>
      <section start="140.02143735945853" stop="145.0214323595478">
         <feature>
            <name>Range</name>
            <v>38.0</v>
         </feature>
         <feature>
            <name>Vibrato Prevalence</name>
            <v>0.0</v>
         </feature>
         <feature>
            <name>Melodic Octaves</name>
            <v>0.0</v>
         </feature>
      </section>
      <section start="145.0221764064228" stop="150.02217140651206">
         <feature>
            <name>Range</name>
            <v>39.0</v>
         </feature>
         <feature>
            <name>Vibrato Prevalence</name>
            <v>0.0</v>
         </feature>
         <feature>
            <name>Melodic Octaves</name>
            <v>0.0</v>
         </feature>
      </section>
      <section start="150.02291545338707" stop="152.8584780940627">
         <feature>
            <name>Range</name>
            <v>36.0</v>
         </feature>
         <feature>
            <name>Vibrato Prevalence</name>
            <v>0.0</v>
         </feature>
         <feature>
            <name>Melodic Octaves</name>
            <v>0.0</v>
         </feature>
      </section>
   </data_set>

   <data_set>
      <data_set_id>0095961e638da8a451f9712f35cc4d56.mid</data_set_id>
      <section start="0.0016666666666666668" stop="4.001666666666479">
         <feature>
            <name>Range</name>
            <v>0.0</v>
         </feature>
         <feature>
            <name>Vibrato Prevalence</name>
            <v>0.0</v>
         </feature>
         <feature>
            <name>Melodic Octaves</name>
            <v>0.0</v>
         </feature>
      </section>
   </data_set>

</feature_vector_file>