<?xml version="1.0"?>
<!DOCTYPE feature_key_file [
   <!ELEMENT feature_key_file (comments, feature+)>
   <!ELEMENT comments (#PCDATA)>
   <!ELEMENT feature (name, description?, is_sequential, parallel_dimensions)>
   <!ELEMENT name (#PCDATA)>
   <!ELEMENT description (#PCDATA)>
   <!ELEMENT is_sequential (#PCDATA)>
   <!ELEMENT parallel_dimensions (#PCDATA)>
]>

<feature_key_file>

   <comments></comments>

   <feature>
      <name>Range</name>
      <description>Difference in semitones between the highest and lowest pitches.</description>
      <is_sequential>true</is_sequential>
      <parallel_dimensions>1</parallel_dimensions>
   </feature>

   <feature>
      <name>Vibrato Prevalence</name>
      <description>Number of pitched notes that have associated MIDI Pitch Bend messages change direction at least twice in connection with the note in question, divided by the total number of pitched Note Ons in the piece.</description>
      <is_sequential>true</is_sequential>
      <parallel_dimensions>1</parallel_dimensions>
   </feature>

   <feature>
      <name>Melodic Octaves</name>
      <description>Fraction of melodic intervals that are octaves.</description>
      <is_sequential>true</is_sequential>
      <parallel_dimensions>1</parallel_dimensions>
   </feature>

</feature_key_file>